Archive member included to satisfy reference by file (symbol)

c:/ac6/systemworkbench/plugins/fr.ac6.mcu.externaltools.arm-none.win32_1.13.2.201703061525/tools/compiler/bin/../lib/gcc/arm-none-eabi/5.4.1/armv7e-m/fpu\libgcc.a(_arm_addsubdf3.o)
                              src/main.o (__aeabi_dsub)
c:/ac6/systemworkbench/plugins/fr.ac6.mcu.externaltools.arm-none.win32_1.13.2.201703061525/tools/compiler/bin/../lib/gcc/arm-none-eabi/5.4.1/armv7e-m/fpu\libgcc.a(_arm_muldivdf3.o)
                              src/main.o (__aeabi_dmul)
c:/ac6/systemworkbench/plugins/fr.ac6.mcu.externaltools.arm-none.win32_1.13.2.201703061525/tools/compiler/bin/../lib/gcc/arm-none-eabi/5.4.1/armv7e-m/fpu\libgcc.a(_arm_fixdfsi.o)
                              src/added_func.o (__aeabi_d2iz)
c:/ac6/systemworkbench/plugins/fr.ac6.mcu.externaltools.arm-none.win32_1.13.2.201703061525/tools/compiler/bin/../lib/gcc/arm-none-eabi/5.4.1/../../../../arm-none-eabi/lib/armv7e-m/fpu\libc.a(lib_a-errno.o)
                              src/syscalls.o (__errno)
c:/ac6/systemworkbench/plugins/fr.ac6.mcu.externaltools.arm-none.win32_1.13.2.201703061525/tools/compiler/bin/../lib/gcc/arm-none-eabi/5.4.1/../../../../arm-none-eabi/lib/armv7e-m/fpu\libc.a(lib_a-exit.o)
                              c:/ac6/systemworkbench/plugins/fr.ac6.mcu.externaltools.arm-none.win32_1.13.2.201703061525/tools/compiler/bin/../lib/gcc/arm-none-eabi/5.4.1/../../../../arm-none-eabi/lib/armv7e-m/fpu/crt0.o (exit)
c:/ac6/systemworkbench/plugins/fr.ac6.mcu.externaltools.arm-none.win32_1.13.2.201703061525/tools/compiler/bin/../lib/gcc/arm-none-eabi/5.4.1/../../../../arm-none-eabi/lib/armv7e-m/fpu\libc.a(lib_a-impure.o)
                              c:/ac6/systemworkbench/plugins/fr.ac6.mcu.externaltools.arm-none.win32_1.13.2.201703061525/tools/compiler/bin/../lib/gcc/arm-none-eabi/5.4.1/../../../../arm-none-eabi/lib/armv7e-m/fpu\libc.a(lib_a-exit.o) (_global_impure_ptr)
c:/ac6/systemworkbench/plugins/fr.ac6.mcu.externaltools.arm-none.win32_1.13.2.201703061525/tools/compiler/bin/../lib/gcc/arm-none-eabi/5.4.1/../../../../arm-none-eabi/lib/armv7e-m/fpu\libc.a(lib_a-init.o)
                              c:/ac6/systemworkbench/plugins/fr.ac6.mcu.externaltools.arm-none.win32_1.13.2.201703061525/tools/compiler/bin/../lib/gcc/arm-none-eabi/5.4.1/../../../../arm-none-eabi/lib/armv7e-m/fpu/crt0.o (__libc_init_array)
c:/ac6/systemworkbench/plugins/fr.ac6.mcu.externaltools.arm-none.win32_1.13.2.201703061525/tools/compiler/bin/../lib/gcc/arm-none-eabi/5.4.1/../../../../arm-none-eabi/lib/armv7e-m/fpu\libc.a(lib_a-memset.o)
                              c:/ac6/systemworkbench/plugins/fr.ac6.mcu.externaltools.arm-none.win32_1.13.2.201703061525/tools/compiler/bin/../lib/gcc/arm-none-eabi/5.4.1/../../../../arm-none-eabi/lib/armv7e-m/fpu/crt0.o (memset)
c:/ac6/systemworkbench/plugins/fr.ac6.mcu.externaltools.arm-none.win32_1.13.2.201703061525/tools/compiler/bin/../lib/gcc/arm-none-eabi/5.4.1/../../../../arm-none-eabi/lib/armv7e-m/fpu\libc.a(lib_a-__call_atexit.o)
                              c:/ac6/systemworkbench/plugins/fr.ac6.mcu.externaltools.arm-none.win32_1.13.2.201703061525/tools/compiler/bin/../lib/gcc/arm-none-eabi/5.4.1/../../../../arm-none-eabi/lib/armv7e-m/fpu\libc.a(lib_a-exit.o) (__call_exitprocs)
c:/ac6/systemworkbench/plugins/fr.ac6.mcu.externaltools.arm-none.win32_1.13.2.201703061525/tools/compiler/bin/../lib/gcc/arm-none-eabi/5.4.1/../../../../arm-none-eabi/lib/armv7e-m/fpu\libc.a(lib_a-atexit.o)
                              c:/ac6/systemworkbench/plugins/fr.ac6.mcu.externaltools.arm-none.win32_1.13.2.201703061525/tools/compiler/bin/../lib/gcc/arm-none-eabi/5.4.1/../../../../arm-none-eabi/lib/armv7e-m/fpu\libc.a(lib_a-__call_atexit.o) (atexit)
c:/ac6/systemworkbench/plugins/fr.ac6.mcu.externaltools.arm-none.win32_1.13.2.201703061525/tools/compiler/bin/../lib/gcc/arm-none-eabi/5.4.1/../../../../arm-none-eabi/lib/armv7e-m/fpu\libc.a(lib_a-fini.o)
                              c:/ac6/systemworkbench/plugins/fr.ac6.mcu.externaltools.arm-none.win32_1.13.2.201703061525/tools/compiler/bin/../lib/gcc/arm-none-eabi/5.4.1/../../../../arm-none-eabi/lib/armv7e-m/fpu\libc.a(lib_a-__call_atexit.o) (__libc_fini_array)
c:/ac6/systemworkbench/plugins/fr.ac6.mcu.externaltools.arm-none.win32_1.13.2.201703061525/tools/compiler/bin/../lib/gcc/arm-none-eabi/5.4.1/../../../../arm-none-eabi/lib/armv7e-m/fpu\libc.a(lib_a-__atexit.o)
                              c:/ac6/systemworkbench/plugins/fr.ac6.mcu.externaltools.arm-none.win32_1.13.2.201703061525/tools/compiler/bin/../lib/gcc/arm-none-eabi/5.4.1/../../../../arm-none-eabi/lib/armv7e-m/fpu\libc.a(lib_a-atexit.o) (__register_exitproc)

Allocating common symbols
Common symbol       size              file

LCD_CacheBuffer_yptr_bottom_bak
                    0x2               Utilities/Common/lcd_log.o
LCD_CacheBuffer_yptr_top_bak
                    0x2               Utilities/Common/lcd_log.o
sEEDMA_InitStructure
[...]
Memory Configuration

Name             Origin             Length             Attributes
FLASH            0x08000000         0x00200000         xr
RAM              0x20000000         0x00030000         xrw
CCMRAM           0x10000000         0x00010000         rw
*default*        0x00000000         0xffffffff

Linker script and memory map

LOAD c:/ac6/systemworkbench/plugins/fr.ac6.mcu.externaltools.arm-none.win32_1.13.2.201703061525/tools/compiler/bin/../lib/gcc/arm-none-eabi/5.4.1/armv7e-m/fpu/crti.o
LOAD c:/ac6/systemworkbench/plugins/fr.ac6.mcu.externaltools.arm-none.win32_1.13.2.201703061525/tools/compiler/bin/../lib/gcc/arm-none-eabi/5.4.1/armv7e-m/fpu/crtbegin.o
LOAD c:/ac6/systemworkbench/plugins/fr.ac6.mcu.externaltools.arm-none.win32_1.13.2.201703061525/tools/compiler/bin/../lib/gcc/arm-none-eabi/5.4.1/../../../../arm-none-eabi/lib/armv7e-m/fpu/crt0.o
LOAD c:/ac6/systemworkbench/plugins/fr.ac6.mcu.externaltools.arm-none.win32_1.13.2.201703061525/tools/compiler/bin/../lib/gcc/arm-none-eabi/5.4.1/../../../../arm-none-eabi/lib/armv7e-m/fpu\libm.a
LOAD StdPeriph_Driver/src/misc.o
LOAD StdPeriph_Driver/src/stm32f4xx_adc.o
LOAD StdPeriph_Driver/src/stm32f4xx_can.o
LOAD StdPeriph_Driver/src/stm32f4xx_crc.o
LOAD StdPeriph_Driver/src/stm32f4xx_cryp.o
LOAD StdPeriph_Driver/src/stm32f4xx_cryp_aes.o
LOAD StdPeriph_Driver/src/stm32f4xx_cryp_des.o
LOAD StdPeriph_Driver/src/stm32f4xx_cryp_tdes.o
LOAD StdPeriph_Driver/src/stm32f4xx_dac.o
LOAD StdPeriph_Driver/src/stm32f4xx_dbgmcu.o
LOAD StdPeriph_Driver/src/stm32f4xx_dcmi.o
LOAD StdPeriph_Driver/src/stm32f4xx_dma.o
LOAD StdPeriph_Driver/src/stm32f4xx_dma2d.o
LOAD StdPeriph_Driver/src/stm32f4xx_exti.o
LOAD StdPeriph_Driver/src/stm32f4xx_flash.o
LOAD StdPeriph_Driver/src/stm32f4xx_fmc.o
LOAD StdPeriph_Driver/src/stm32f4xx_gpio.o
LOAD StdPeriph_Driver/src/stm32f4xx_hash.o
LOAD StdPeriph_Driver/src/stm32f4xx_hash_md5.o
LOAD StdPeriph_Driver/src/stm32f4xx_hash_sha1.o
LOAD StdPeriph_Driver/src/stm32f4xx_i2c.o
LOAD StdPeriph_Driver/src/stm32f4xx_iwdg.o
LOAD StdPeriph_Driver/src/stm32f4xx_ltdc.o
LOAD StdPeriph_Driver/src/stm32f4xx_pwr.o
LOAD StdPeriph_Driver/src/stm32f4xx_rcc.o
LOAD StdPeriph_Driver/src/stm32f4xx_rng.o
LOAD StdPeriph_Driver/src/stm32f4xx_rtc.o
LOAD StdPeriph_Driver/src/stm32f4xx_sai.o
LOAD StdPeriph_Driver/src/stm32f4xx_sdio.o
LOAD StdPeriph_Driver/src/stm32f4xx_spi.o
LOAD StdPeriph_Driver/src/stm32f4xx_syscfg.o
LOAD StdPeriph_Driver/src/stm32f4xx_tim.o
LOAD StdPeriph_Driver/src/stm32f4xx_usart.o
LOAD StdPeriph_Driver/src/stm32f4xx_wwdg.o
LOAD Utilities/Common/fonts.o
LOAD Utilities/Common/lcd_log.o
LOAD Utilities/STM32F429I-Discovery/stm32f429i_discovery.o
LOAD Utilities/STM32F429I-Discovery/stm32f429i_discovery_ioe.o
LOAD Utilities/STM32F429I-Discovery/stm32f429i_discovery_l3gd20.o
LOAD Utilities/STM32F429I-Discovery/stm32f429i_discovery_lcd.o
LOAD Utilities/STM32F429I-Discovery/stm32f429i_discovery_sdram.o
LOAD src/added_func.o
LOAD src/config.o
LOAD src/main.o
LOAD src/stm32f4xx_it.o
LOAD src/syscalls.o
LOAD src/system_stm32f4xx.o
LOAD startup/startup_stm32f429_439xx.o
START GROUP
LOAD c:/ac6/systemworkbench/plugins/fr.ac6.mcu.externaltools.arm-none.win32_1.13.2.201703061525/tools/compiler/bin/../lib/gcc/arm-none-eabi/5.4.1/armv7e-m/fpu\libgcc.a
LOAD c:/ac6/systemworkbench/plugins/fr.ac6.mcu.externaltools.arm-none.win32_1.13.2.201703061525/tools/compiler/bin/../lib/gcc/arm-none-eabi/5.4.1/../../../../arm-none-eabi/lib/armv7e-m/fpu\libc.a
END GROUP
LOAD c:/ac6/systemworkbench/plugins/fr.ac6.mcu.externaltools.arm-none.win32_1.13.2.201703061525/tools/compiler/bin/../lib/gcc/arm-none-eabi/5.4.1/armv7e-m/fpu/crtend.o
LOAD c:/ac6/systemworkbench/plugins/fr.ac6.mcu.externaltools.arm-none.win32_1.13.2.201703061525/tools/compiler/bin/../lib/gcc/arm-none-eabi/5.4.1/armv7e-m/fpu/crtn.o
                0x20030000                _estack = 0x20030000
                0x00000200                _Min_Heap_Size = 0x200
                0x00000400                _Min_Stack_Size = 0x400

.isr_vector     0x08000000      0x1ac
                0x08000000                . = ALIGN (0x4)
 *(.isr_vector)
 .isr_vector    0x08000000      0x1ac startup/startup_stm32f429_439xx.o
                0x08000000                g_pfnVectors
                0x080001ac                . = ALIGN (0x4)

.text           0x080001b0     0x5ba0
                0x080001b0                . = ALIGN (0x4)
 *(.text)
 .text          0x080001b0       0x5c c:/ac6/systemworkbench/plugins/fr.ac6.mcu.externaltools.arm-none.win32_1.13.2.201703061525/tools/compiler/bin/../lib/gcc/arm-none-eabi/5.4.1/armv7e-m/fpu/crtbegin.o
 .text          0x0800020c      0x370 c:/ac6/systemworkbench/plugins/fr.ac6.mcu.externaltools.arm-none.win32_1.13.2.201703061525/tools/compiler/bin/../lib/gcc/arm-none-eabi/5.4.1/armv7e-m/fpu\libgcc.a(_arm_addsubdf3.o)
                0x0800020c                __aeabi_drsub
                0x08000214                __aeabi_dsub
                0x08000214                __subdf3
                0x08000218                __aeabi_dadd
                0x08000218                __adddf3
                0x08000490                __floatunsidf
                0x08000490                __aeabi_ui2d
                0x080004b0                __floatsidf
                0x080004b0                __aeabi_i2d
                0x080004d4                __aeabi_f2d
                0x080004d4                __extendsfdf2
                0x08000510                __floatundidf
                0x08000510                __aeabi_ul2d
                0x08000520                __floatdidf
                0x08000520                __aeabi_l2d
 .text          0x0800057c      0x424 c:/ac6/systemworkbench/plugins/fr.ac6.mcu.externaltools.arm-none.win32_1.13.2.201703061525/tools/compiler/bin/../lib/gcc/arm-none-eabi/5.4.1/armv7e-m/fpu\libgcc.a(_arm_muldivdf3.o)
                0x0800057c                __aeabi_dmul
                0x0800057c                __muldf3
                0x080007d0                __divdf3
                0x080007d0                __aeabi_ddiv
 .text          0x080009a0       0x50 c:/ac6/systemworkbench/plugins/fr.ac6.mcu.externaltools.arm-none.win32_1.13.2.201703061525/tools/compiler/bin/../lib/gcc/arm-none-eabi/5.4.1/armv7e-m/fpu\libgcc.a(_arm_fixdfsi.o)
                0x080009a0                __aeabi_d2iz
                0x080009a0                __fixdfsi
 *(.text*)
 .text.NVIC_Init
                0x080009f0       0xc4 StdPeriph_Driver/src/misc.o
                0x080009f0                NVIC_Init
 .text.ADC_Init
                0x08000ab4       0xac StdPeriph_Driver/src/stm32f4xx_adc.o
                0x08000ab4                ADC_Init
 .text.ADC_CommonInit
                0x08000b60       0x50 StdPeriph_Driver/src/stm32f4xx_adc.o
                0x08000b60                ADC_CommonInit
 .text.ADC_Cmd  0x08000bb0       0x38 StdPeriph_Driver/src/stm32f4xx_adc.o
                0x08000bb0                ADC_Cmd
 .text.ADC_RegularChannelConfig
                0x08000be8      0x194 StdPeriph_Driver/src/stm32f4xx_adc.o
                0x08000be8                ADC_RegularChannelConfig
 .text.ADC_SoftwareStartConv
                0x08000d7c       0x20 StdPeriph_Driver/src/stm32f4xx_adc.o
                0x08000d7c                ADC_SoftwareStartConv
 .text.ADC_DMACmd
                0x08000d9c       0x38 StdPeriph_Driver/src/stm32f4xx_adc.o
                0x08000d9c                ADC_DMACmd
 .text.ADC_DMARequestAfterLastTransferCmd
                0x08000dd4       0x38 StdPeriph_Driver/src/stm32f4xx_adc.o
                0x08000dd4                ADC_DMARequestAfterLastTransferCmd
 .text.DMA_Init
                0x08000e0c       0xb0 StdPeriph_Driver/src/stm32f4xx_dma.o
                0x08000e0c                DMA_Init
 .text.DMA_Cmd  0x08000ebc       0x38 StdPeriph_Driver/src/stm32f4xx_dma.o
                0x08000ebc                DMA_Cmd
 .text.DMA_ITConfig
                0x08000ef4       0x74 StdPeriph_Driver/src/stm32f4xx_dma.o
                0x08000ef4                DMA_ITConfig
 .text.DMA_GetITStatus
                0x08000f68       0xb0 StdPeriph_Driver/src/stm32f4xx_dma.o
                0x08000f68                DMA_GetITStatus
 .text.DMA_ClearITPendingBit
                0x08001018       0x5c StdPeriph_Driver/src/stm32f4xx_dma.o
                0x08001018                DMA_ClearITPendingBit
 .text.DMA2D_DeInit
                0x08001074       0x1c StdPeriph_Driver/src/stm32f4xx_dma2d.o
                0x08001074                DMA2D_DeInit
 .text.DMA2D_Init
                0x08001090      0x160 StdPeriph_Driver/src/stm32f4xx_dma2d.o
                0x08001090                DMA2D_Init
 .text.DMA2D_StartTransfer
                0x080011f0       0x20 StdPeriph_Driver/src/stm32f4xx_dma2d.o
                0x080011f0                DMA2D_StartTransfer
 .text.DMA2D_GetFlagStatus
                0x08001210       0x34 StdPeriph_Driver/src/stm32f4xx_dma2d.o
                0x08001210                DMA2D_GetFlagStatus
 .text.FMC_SDRAMInit
                0x08001244      0x15c StdPeriph_Driver/src/stm32f4xx_fmc.o
                0x08001244                FMC_SDRAMInit
 .text.FMC_SDRAMCmdConfig
                0x080013a0       0x40 StdPeriph_Driver/src/stm32f4xx_fmc.o
                0x080013a0                FMC_SDRAMCmdConfig
 .text.FMC_SetRefreshCount
                0x080013e0       0x28 StdPeriph_Driver/src/stm32f4xx_fmc.o
                0x080013e0                FMC_SetRefreshCount
 .text.FMC_GetFlagStatus
                0x08001408       0x7c StdPeriph_Driver/src/stm32f4xx_fmc.o
                0x08001408                FMC_GetFlagStatus
 .text.GPIO_Init
                0x08001484      0x11c StdPeriph_Driver/src/stm32f4xx_gpio.o
                0x08001484                GPIO_Init
 .text.GPIO_SetBits
                0x080015a0       0x20 StdPeriph_Driver/src/stm32f4xx_gpio.o
                0x080015a0                GPIO_SetBits
 .text.GPIO_ResetBits
                0x080015c0       0x20 StdPeriph_Driver/src/stm32f4xx_gpio.o
                0x080015c0                GPIO_ResetBits
 .text.GPIO_WriteBit
                0x080015e0       0x30 StdPeriph_Driver/src/stm32f4xx_gpio.o
                0x080015e0                GPIO_WriteBit
 .text.GPIO_PinAFConfig
                0x08001610       0x94 StdPeriph_Driver/src/stm32f4xx_gpio.o
                0x08001610                GPIO_PinAFConfig
 .text.I2C_DeInit
                0x080016a4       0x74 StdPeriph_Driver/src/stm32f4xx_i2c.o
                0x080016a4                I2C_DeInit
 .text.I2C_Init
                0x08001718      0x184 StdPeriph_Driver/src/stm32f4xx_i2c.o
                0x08001718                I2C_Init
 .text.I2C_Cmd  0x0800189c       0x40 StdPeriph_Driver/src/stm32f4xx_i2c.o
                0x0800189c                I2C_Cmd
 .text.I2C_GenerateSTART
                0x080018dc       0x40 StdPeriph_Driver/src/stm32f4xx_i2c.o
                0x080018dc                I2C_GenerateSTART
 .text.I2C_GenerateSTOP
                0x0800191c       0x40 StdPeriph_Driver/src/stm32f4xx_i2c.o
                0x0800191c                I2C_GenerateSTOP
 .text.I2C_Send7bitAddress
                0x0800195c       0x3c StdPeriph_Driver/src/stm32f4xx_i2c.o
                0x0800195c                I2C_Send7bitAddress
 .text.I2C_AcknowledgeConfig
                0x08001998       0x40 StdPeriph_Driver/src/stm32f4xx_i2c.o
                0x08001998                I2C_AcknowledgeConfig
 .text.I2C_SoftwareResetCmd
                0x080019d8       0x44 StdPeriph_Driver/src/stm32f4xx_i2c.o
                0x080019d8                I2C_SoftwareResetCmd
 .text.I2C_SendData
                0x08001a1c       0x20 StdPeriph_Driver/src/stm32f4xx_i2c.o
                0x08001a1c                I2C_SendData
 .text.I2C_ReceiveData
                0x08001a3c       0x1c StdPeriph_Driver/src/stm32f4xx_i2c.o
                0x08001a3c                I2C_ReceiveData
 .text.I2C_GetFlagStatus
                0x08001a58       0x68 StdPeriph_Driver/src/stm32f4xx_i2c.o
                0x08001a58                I2C_GetFlagStatus
 .text.LTDC_Init
                0x08001ac0      0x130 StdPeriph_Driver/src/stm32f4xx_ltdc.o
                0x08001ac0                LTDC_Init
 .text.LTDC_Cmd
                0x08001bf0       0x3c StdPeriph_Driver/src/stm32f4xx_ltdc.o
                0x08001bf0                LTDC_Cmd
 .text.LTDC_DitherCmd
                0x08001c2c       0x3c StdPeriph_Driver/src/stm32f4xx_ltdc.o
                0x08001c2c                LTDC_DitherCmd
 .text.LTDC_ReloadConfig
                0x08001c68       0x20 StdPeriph_Driver/src/stm32f4xx_ltdc.o
                0x08001c68                LTDC_ReloadConfig
 .text.LTDC_LayerInit
                0x08001c88      0x134 StdPeriph_Driver/src/stm32f4xx_ltdc.o
                0x08001c88                LTDC_LayerInit
 .text.LTDC_LayerCmd
                0x08001dbc       0x38 StdPeriph_Driver/src/stm32f4xx_ltdc.o
                0x08001dbc                LTDC_LayerCmd
 .text.RCC_PLLSAIConfig
                0x08001df4       0x34 StdPeriph_Driver/src/stm32f4xx_rcc.o
                0x08001df4                RCC_PLLSAIConfig
 .text.RCC_PLLSAICmd
                0x08001e28       0x20 StdPeriph_Driver/src/stm32f4xx_rcc.o
                0x08001e28                RCC_PLLSAICmd
 .text.RCC_GetClocksFreq
                0x08001e48      0x154 StdPeriph_Driver/src/stm32f4xx_rcc.o
                0x08001e48                RCC_GetClocksFreq
 .text.RCC_LTDCCLKDivConfig
                0x08001f9c       0x3c StdPeriph_Driver/src/stm32f4xx_rcc.o
                0x08001f9c                RCC_LTDCCLKDivConfig
 .text.RCC_AHB1PeriphClockCmd
                0x08001fd8       0x40 StdPeriph_Driver/src/stm32f4xx_rcc.o
                0x08001fd8                RCC_AHB1PeriphClockCmd
 .text.RCC_AHB3PeriphClockCmd
                0x08002018       0x40 StdPeriph_Driver/src/stm32f4xx_rcc.o
                0x08002018                RCC_AHB3PeriphClockCmd
 .text.RCC_APB1PeriphClockCmd
                0x08002058       0x40 StdPeriph_Driver/src/stm32f4xx_rcc.o
                0x08002058                RCC_APB1PeriphClockCmd
 .text.RCC_APB2PeriphClockCmd
                0x08002098       0x40 StdPeriph_Driver/src/stm32f4xx_rcc.o
                0x08002098                RCC_APB2PeriphClockCmd
 .text.RCC_AHB1PeriphResetCmd
                0x080020d8       0x40 StdPeriph_Driver/src/stm32f4xx_rcc.o
                0x080020d8                RCC_AHB1PeriphResetCmd
 .text.RCC_APB1PeriphResetCmd
                0x08002118       0x40 StdPeriph_Driver/src/stm32f4xx_rcc.o
                0x08002118                RCC_APB1PeriphResetCmd
 .text.RCC_APB2PeriphResetCmd
                0x08002158       0x40 StdPeriph_Driver/src/stm32f4xx_rcc.o
                0x08002158                RCC_APB2PeriphResetCmd
 .text.RCC_GetFlagStatus
                0x08002198       0x74 StdPeriph_Driver/src/stm32f4xx_rcc.o
                0x08002198                RCC_GetFlagStatus
 .text.SPI_I2S_DeInit
                0x0800220c       0xdc StdPeriph_Driver/src/stm32f4xx_spi.o
                0x0800220c                SPI_I2S_DeInit
 .text.SPI_Init
                0x080022e8       0x88 StdPeriph_Driver/src/stm32f4xx_spi.o
                0x080022e8                SPI_Init
 .text.SPI_Cmd  0x08002370       0x40 StdPeriph_Driver/src/stm32f4xx_spi.o
                0x08002370                SPI_Cmd
 .text.SPI_I2S_SendData
                0x080023b0       0x20 StdPeriph_Driver/src/stm32f4xx_spi.o
                0x080023b0                SPI_I2S_SendData
 .text.SPI_I2S_GetFlagStatus
                0x080023d0       0x38 StdPeriph_Driver/src/stm32f4xx_spi.o
                0x080023d0                SPI_I2S_GetFlagStatus
 .text.TIM_TimeBaseInit
                0x08002408       0xd8 StdPeriph_Driver/src/stm32f4xx_tim.o
                0x08002408                TIM_TimeBaseInit
 .text.TIM_PrescalerConfig
                0x080024e0       0x28 StdPeriph_Driver/src/stm32f4xx_tim.o
                0x080024e0                TIM_PrescalerConfig
 .text.TIM_Cmd  0x08002508       0x40 StdPeriph_Driver/src/stm32f4xx_tim.o
                0x08002508                TIM_Cmd
 .text.TIM_ITConfig
                0x08002548       0x48 StdPeriph_Driver/src/stm32f4xx_tim.o
                0x08002548                TIM_ITConfig
 .text.TIM_GetITStatus
                0x08002590       0x54 StdPeriph_Driver/src/stm32f4xx_tim.o
                0x08002590                TIM_GetITStatus
 .text.TIM_ClearITPendingBit
                0x080025e4       0x24 StdPeriph_Driver/src/stm32f4xx_tim.o
                0x080025e4                TIM_ClearITPendingBit
 .text.TIM_SelectOutputTrigger
                0x08002608       0x38 StdPeriph_Driver/src/stm32f4xx_tim.o
                0x08002608                TIM_SelectOutputTrigger
 .text.USART_Init
                0x08002640      0x174 StdPeriph_Driver/src/stm32f4xx_usart.o
                0x08002640                USART_Init
 .text.USART_Cmd
                0x080027b4       0x40 StdPeriph_Driver/src/stm32f4xx_usart.o
                0x080027b4                USART_Cmd
 .text.USART_SendData
                0x080027f4       0x24 StdPeriph_Driver/src/stm32f4xx_usart.o
                0x080027f4                USART_SendData
 .text.STM_EVAL_LEDInit
                0x08002818       0x5c Utilities/STM32F429I-Discovery/stm32f429i_discovery.o
                0x08002818                STM_EVAL_LEDInit
 .text.IOE_Config
                0x08002874       0x30 Utilities/STM32F429I-Discovery/stm32f429i_discovery_ioe.o
                0x08002874                IOE_Config
 .text.IOE_IsOperational
                0x080028a4       0x34 Utilities/STM32F429I-Discovery/stm32f429i_discovery_ioe.o
                0x080028a4                IOE_IsOperational
 .text.IOE_Reset
                0x080028d8       0x20 Utilities/STM32F429I-Discovery/stm32f429i_discovery_ioe.o
                0x080028d8                IOE_Reset
 .text.IOE_ReadID
                0x080028f8       0x34 Utilities/STM32F429I-Discovery/stm32f429i_discovery_ioe.o
                0x080028f8                IOE_ReadID
 .text.IOE_FnctCmd
                0x0800292c       0x54 Utilities/STM32F429I-Discovery/stm32f429i_discovery_ioe.o
                0x0800292c                IOE_FnctCmd
 .text.IOE_TP_Config
                0x08002980       0x94 Utilities/STM32F429I-Discovery/stm32f429i_discovery_ioe.o
                0x08002980                IOE_TP_Config
 .text.IOE_IOAFConfig
                0x08002a14       0x54 Utilities/STM32F429I-Discovery/stm32f429i_discovery_ioe.o
                0x08002a14                IOE_IOAFConfig
 .text.IOE_GPIO_Config
                0x08002a68       0x8c Utilities/STM32F429I-Discovery/stm32f429i_discovery_ioe.o
 .text.IOE_I2C_Config
                0x08002af4       0x54 Utilities/STM32F429I-Discovery/stm32f429i_discovery_ioe.o
 .text.I2C_WriteDeviceRegister
                0x08002b48      0x160 Utilities/STM32F429I-Discovery/stm32f429i_discovery_ioe.o
                0x08002b48                I2C_WriteDeviceRegister
 .text.I2C_ReadDeviceRegister
                0x08002ca8      0x1dc Utilities/STM32F429I-Discovery/stm32f429i_discovery_ioe.o
                0x08002ca8                I2C_ReadDeviceRegister
 .text.IOE_TimeoutUserCallback
                0x08002e84       0x6c Utilities/STM32F429I-Discovery/stm32f429i_discovery_ioe.o
                0x08002e84                IOE_TimeoutUserCallback
 .text.delay    0x08002ef0       0x34 Utilities/STM32F429I-Discovery/stm32f429i_discovery_ioe.o
 .text.LCD_Init
                0x08002f24       0xb4 Utilities/STM32F429I-Discovery/stm32f429i_discovery_lcd.o
                0x08002f24                LCD_Init
 .text.LCD_LayerInit
                0x08002fd8       0xb8 Utilities/STM32F429I-Discovery/stm32f429i_discovery_lcd.o
                0x08002fd8                LCD_LayerInit
 .text.LCD_ChipSelect
                0x08003090       0x30 Utilities/STM32F429I-Discovery/stm32f429i_discovery_lcd.o
                0x08003090                LCD_ChipSelect
 .text.LCD_SetLayer
                0x080030c0       0x44 Utilities/STM32F429I-Discovery/stm32f429i_discovery_lcd.o
                0x080030c0                LCD_SetLayer
 .text.LCD_SetColors
                0x08003104       0x30 Utilities/STM32F429I-Discovery/stm32f429i_discovery_lcd.o
                0x08003104                LCD_SetColors
 .text.LCD_SetTextColor
                0x08003134       0x20 Utilities/STM32F429I-Discovery/stm32f429i_discovery_lcd.o
                0x08003134                LCD_SetTextColor
 .text.LCD_SetFont
                0x08003154       0x20 Utilities/STM32F429I-Discovery/stm32f429i_discovery_lcd.o
                0x08003154                LCD_SetFont
 .text.LCD_GetFont
                0x08003174       0x18 Utilities/STM32F429I-Discovery/stm32f429i_discovery_lcd.o
                0x08003174                LCD_GetFont
 .text.LCD_Clear
                0x0800318c       0x44 Utilities/STM32F429I-Discovery/stm32f429i_discovery_lcd.o
                0x0800318c                LCD_Clear
 .text.LCD_DrawChar
                0x080031d0      0x128 Utilities/STM32F429I-Discovery/stm32f429i_discovery_lcd.o
                0x080031d0                LCD_DrawChar
 .text.LCD_DisplayChar
                0x080032f8       0x44 Utilities/STM32F429I-Discovery/stm32f429i_discovery_lcd.o
                0x080032f8                LCD_DisplayChar
 .text.LCD_DisplayStringLine
                0x0800333c       0x78 Utilities/STM32F429I-Discovery/stm32f429i_discovery_lcd.o
                0x0800333c                LCD_DisplayStringLine
 .text.LCD_DrawLine
                0x080033b4       0xd8 Utilities/STM32F429I-Discovery/stm32f429i_discovery_lcd.o
                0x080033b4                LCD_DrawLine
 .text.LCD_DrawCircle
                0x0800348c      0x130 Utilities/STM32F429I-Discovery/stm32f429i_discovery_lcd.o
                0x0800348c                LCD_DrawCircle
 .text.LCD_DrawFullCircle
                0x080035bc      0x108 Utilities/STM32F429I-Discovery/stm32f429i_discovery_lcd.o
                0x080035bc                LCD_DrawFullCircle
 .text.LCD_WriteCommand
                0x080036c4       0x60 Utilities/STM32F429I-Discovery/stm32f429i_discovery_lcd.o
                0x080036c4                LCD_WriteCommand
 .text.LCD_WriteData
                0x08003724       0x60 Utilities/STM32F429I-Discovery/stm32f429i_discovery_lcd.o
                0x08003724                LCD_WriteData
 .text.LCD_PowerOn
                0x08003784      0x290 Utilities/STM32F429I-Discovery/stm32f429i_discovery_lcd.o
                0x08003784                LCD_PowerOn
 .text.LCD_CtrlLinesConfig
                0x08003a14       0x58 Utilities/STM32F429I-Discovery/stm32f429i_discovery_lcd.o
                0x08003a14                LCD_CtrlLinesConfig
 .text.LCD_CtrlLinesWrite
                0x08003a6c       0x24 Utilities/STM32F429I-Discovery/stm32f429i_discovery_lcd.o
                0x08003a6c                LCD_CtrlLinesWrite
 .text.LCD_SPIConfig
                0x08003a90       0xd4 Utilities/STM32F429I-Discovery/stm32f429i_discovery_lcd.o
                0x08003a90                LCD_SPIConfig
 .text.LCD_AF_GPIOConfig
                0x08003b64      0x178 Utilities/STM32F429I-Discovery/stm32f429i_discovery_lcd.o
 .text.delay    0x08003cdc       0x2c Utilities/STM32F429I-Discovery/stm32f429i_discovery_lcd.o
 .text.SDRAM_Init
                0x08003d08       0x78 Utilities/STM32F429I-Discovery/stm32f429i_discovery_sdram.o
                0x08003d08                SDRAM_Init
 .text.SDRAM_GPIOConfig
                0x08003d80      0x218 Utilities/STM32F429I-Discovery/stm32f429i_discovery_sdram.o
                0x08003d80                SDRAM_GPIOConfig
 .text.SDRAM_InitSequence
                0x08003f98       0xf0 Utilities/STM32F429I-Discovery/stm32f429i_discovery_sdram.o
                0x08003f98                SDRAM_InitSequence
 .text.delay    0x08004088       0x34 Utilities/STM32F429I-Discovery/stm32f429i_discovery_sdram.o
 .text.USART_puts
                0x080040bc       0x48 src/added_func.o
                0x080040bc                USART_puts
 .text.Send     0x08004104      0x100 src/added_func.o
                0x08004104                Send
 .text.SendMeasTime
                0x08004204      0x204 src/added_func.o
                0x08004204                SendMeasTime
 .text.SendEnd  0x08004408      0x100 src/added_func.o
                0x08004408                SendEnd
 .text.ConvertBPM
                0x08004508      0x104 src/added_func.o
                0x08004508                ConvertBPM
 .text.ConvertHRV
                0x0800460c       0xfc src/added_func.o
                0x0800460c                ConvertHRV
 .text.init_UART5
                0x08004708       0xc8 src/config.o
                0x08004708                init_UART5
 .text.ADC_Config
                0x080047d0      0x12c src/config.o
                0x080047d0                ADC_Config
 .text.TIM_Config
                0x080048fc       0x54 src/config.o
                0x080048fc                TIM_Config
 .text.Calculate
                0x08004950      0x67c src/main.o
                0x08004950                Calculate
 *fill*         0x08004fcc        0x4 
 .text.calculateFilter
                0x08004fd0      0x26c src/main.o
                0x08004fd0                calculateFilter
 .text.main     0x0800523c      0x298 src/main.o
                0x0800523c                main
 .text.DMA2_Stream0_IRQHandler
                0x080054d4      0x384 src/main.o
                0x080054d4                DMA2_Stream0_IRQHandler
 .text.TP_Config
                0x08005858       0x88 src/main.o
 .text.NMI_Handler
                0x080058e0       0x10 src/stm32f4xx_it.o
                0x080058e0                NMI_Handler
 .text.HardFault_Handler
                0x080058f0        0x8 src/stm32f4xx_it.o
                0x080058f0                HardFault_Handler
 .text.MemManage_Handler
                0x080058f8        0x8 src/stm32f4xx_it.o
                0x080058f8                MemManage_Handler
 .text.BusFault_Handler
                0x08005900        0x8 src/stm32f4xx_it.o
                0x08005900                BusFault_Handler
 .text.UsageFault_Handler
                0x08005908        0x8 src/stm32f4xx_it.o
                0x08005908                UsageFault_Handler
 .text.DebugMon_Handler
                0x08005910       0x10 src/stm32f4xx_it.o
                0x08005910                DebugMon_Handler
 .text.SVC_Handler
                0x08005920       0x10 src/stm32f4xx_it.o
                0x08005920                SVC_Handler
 .text.PendSV_Handler
                0x08005930       0x10 src/stm32f4xx_it.o
                0x08005930                PendSV_Handler
 .text.SysTick_Handler
                0x08005940       0x10 src/stm32f4xx_it.o
                0x08005940                SysTick_Handler
 .text.TIM3_IRQHandler
                0x08005950       0x28 src/stm32f4xx_it.o
                0x08005950                TIM3_IRQHandler
 .text.UpdateTime
                0x08005978       0xa0 src/stm32f4xx_it.o
                0x08005978                UpdateTime
 .text.SystemInit
                0x08005a18       0x6c src/system_stm32f4xx.o
                0x08005a18                SystemInit
 .text.SetSysClock
                0x08005a84      0x12c src/system_stm32f4xx.o
 .text.Reset_Handler
                0x08005bb0       0x48 startup/startup_stm32f429_439xx.o
                0x08005bb0                Reset_Handler
 .text.Default_Handler
                0x08005bf8        0x2 startup/startup_stm32f429_439xx.o
                0x08005bf8                RTC_Alarm_IRQHandler
                0x08005bf8                HASH_RNG_IRQHandler
                0x08005bf8                EXTI2_IRQHandler
                0x08005bf8                TIM8_CC_IRQHandler
                0x08005bf8                UART8_IRQHandler
                0x08005bf8                SPI4_IRQHandler
                0x08005bf8                TIM1_CC_IRQHandler
                0x08005bf8                DMA2_Stream5_IRQHandler
                0x08005bf8                DMA1_Stream5_IRQHandler
                0x08005bf8                PVD_IRQHandler
                0x08005bf8                SDIO_IRQHandler
                0x08005bf8                TAMP_STAMP_IRQHandler
                0x08005bf8                CAN2_RX1_IRQHandler
                0x08005bf8                EXTI3_IRQHandler
                0x08005bf8                TIM8_TRG_COM_TIM14_IRQHandler
                0x08005bf8                TIM1_UP_TIM10_IRQHandler
                0x08005bf8                TIM8_UP_TIM13_IRQHandler
                0x08005bf8                I2C3_ER_IRQHandler
                0x08005bf8                EXTI0_IRQHandler
                0x08005bf8                I2C2_EV_IRQHandler
                0x08005bf8                DMA1_Stream2_IRQHandler
                0x08005bf8                CAN1_RX0_IRQHandler
                0x08005bf8                FPU_IRQHandler
                0x08005bf8                OTG_HS_WKUP_IRQHandler
                0x08005bf8                LTDC_ER_IRQHandler
                0x08005bf8                CAN2_SCE_IRQHandler
                0x08005bf8                DMA2_Stream2_IRQHandler
                0x08005bf8                SPI1_IRQHandler
                0x08005bf8                TIM6_DAC_IRQHandler
                0x08005bf8                TIM1_BRK_TIM9_IRQHandler
                0x08005bf8                DCMI_IRQHandler
                0x08005bf8                CAN2_RX0_IRQHandler
                0x08005bf8                DMA2_Stream3_IRQHandler
                0x08005bf8                USART6_IRQHandler
                0x08005bf8                USART3_IRQHandler
                0x08005bf8                CRYP_IRQHandler
                0x08005bf8                CAN1_RX1_IRQHandler
                0x08005bf8                UART5_IRQHandler
                0x08005bf8                TIM4_IRQHandler
                0x08005bf8                I2C1_EV_IRQHandler
                0x08005bf8                DMA1_Stream6_IRQHandler
                0x08005bf8                DMA1_Stream1_IRQHandler
                0x08005bf8                UART4_IRQHandler
                0x08005bf8                RCC_IRQHandler
                0x08005bf8                TIM8_BRK_TIM12_IRQHandler
                0x08005bf8                Default_Handler
                0x08005bf8                EXTI15_10_IRQHandler
                0x08005bf8                ADC_IRQHandler
                0x08005bf8                DMA1_Stream7_IRQHandler
                0x08005bf8                SPI5_IRQHandler
                0x08005bf8                TIM7_IRQHandler
                0x08005bf8                CAN2_TX_IRQHandler
                0x08005bf8                TIM5_IRQHandler
                0x08005bf8                DMA2_Stream7_IRQHandler
                0x08005bf8                I2C3_EV_IRQHandler
                0x08005bf8                EXTI9_5_IRQHandler
                0x08005bf8                RTC_WKUP_IRQHandler
                0x08005bf8                LTDC_IRQHandler
                0x08005bf8                ETH_WKUP_IRQHandler
                0x08005bf8                SPI2_IRQHandler
                0x08005bf8                OTG_HS_EP1_IN_IRQHandler
                0x08005bf8                DMA1_Stream0_IRQHandler
                0x08005bf8                CAN1_TX_IRQHandler
                0x08005bf8                EXTI4_IRQHandler
                0x08005bf8                FSMC_IRQHandler
                0x08005bf8                ETH_IRQHandler
                0x08005bf8                OTG_HS_EP1_OUT_IRQHandler
                0x08005bf8                WWDG_IRQHandler
                0x08005bf8                SPI6_IRQHandler
                0x08005bf8                TIM2_IRQHandler
                0x08005bf8                OTG_FS_WKUP_IRQHandler
                0x08005bf8                TIM1_TRG_COM_TIM11_IRQHandler
                0x08005bf8                OTG_HS_IRQHandler
                0x08005bf8                DMA2D_IRQHandler
                0x08005bf8                EXTI1_IRQHandler
                0x08005bf8                UART7_IRQHandler
                0x08005bf8                USART2_IRQHandler
                0x08005bf8                I2C2_ER_IRQHandler
                0x08005bf8                DMA2_Stream1_IRQHandler
                0x08005bf8                CAN1_SCE_IRQHandler
                0x08005bf8                FLASH_IRQHandler
                0x08005bf8                DMA2_Stream4_IRQHandler
                0x08005bf8                USART1_IRQHandler
                0x08005bf8                OTG_FS_IRQHandler
                0x08005bf8                SPI3_IRQHandler
                0x08005bf8                DMA1_Stream4_IRQHandler
                0x08005bf8                I2C1_ER_IRQHandler
                0x08005bf8                DMA2_Stream6_IRQHandler
                0x08005bf8                SAI1_IRQHandler
                0x08005bf8                DMA1_Stream3_IRQHandler
 *fill*         0x08005bfa        0x2 
 .text.__libc_init_array
                0x08005bfc       0x50 c:/ac6/systemworkbench/plugins/fr.ac6.mcu.externaltools.arm-none.win32_1.13.2.201703061525/tools/compiler/bin/../lib/gcc/arm-none-eabi/5.4.1/../../../../arm-none-eabi/lib/armv7e-m/fpu\libc.a(lib_a-init.o)
                0x08005bfc                __libc_init_array
 .text.startup.register_fini
                0x08005c4c       0x14 c:/ac6/systemworkbench/plugins/fr.ac6.mcu.externaltools.arm-none.win32_1.13.2.201703061525/tools/compiler/bin/../lib/gcc/arm-none-eabi/5.4.1/../../../../arm-none-eabi/lib/armv7e-m/fpu\libc.a(lib_a-__call_atexit.o)
 .text.atexit   0x08005c60        0xc c:/ac6/systemworkbench/plugins/fr.ac6.mcu.externaltools.arm-none.win32_1.13.2.201703061525/tools/compiler/bin/../lib/gcc/arm-none-eabi/5.4.1/../../../../arm-none-eabi/lib/armv7e-m/fpu\libc.a(lib_a-atexit.o)
                0x08005c60                atexit
 .text.__libc_fini_array
                0x08005c6c       0x28 c:/ac6/systemworkbench/plugins/fr.ac6.mcu.externaltools.arm-none.win32_1.13.2.201703061525/tools/compiler/bin/../lib/gcc/arm-none-eabi/5.4.1/../../../../arm-none-eabi/lib/armv7e-m/fpu\libc.a(lib_a-fini.o)
                0x08005c6c                __libc_fini_array
 .text.__register_exitproc
                0x08005c94       0xa4 c:/ac6/systemworkbench/plugins/fr.ac6.mcu.externaltools.arm-none.win32_1.13.2.201703061525/tools/compiler/bin/../lib/gcc/arm-none-eabi/5.4.1/../../../../arm-none-eabi/lib/armv7e-m/fpu\libc.a(lib_a-__atexit.o)
                0x08005c94                __register_exitproc
 *(.glue_7)
 .glue_7        0x08005d38        0x0 linker stubs
 *(.glue_7t)
 .glue_7t       0x08005d38        0x0 linker stubs
 *(.eh_frame)
 .eh_frame      0x08005d38        0x0 c:/ac6/systemworkbench/plugins/fr.ac6.mcu.externaltools.arm-none.win32_1.13.2.201703061525/tools/compiler/bin/../lib/gcc/arm-none-eabi/5.4.1/armv7e-m/fpu/crtbegin.o
 *(.init)
 .init          0x08005d38        0x4 c:/ac6/systemworkbench/plugins/fr.ac6.mcu.externaltools.arm-none.win32_1.13.2.201703061525/tools/compiler/bin/../lib/gcc/arm-none-eabi/5.4.1/armv7e-m/fpu/crti.o
                0x08005d38                _init
 .init          0x08005d3c        0x8 c:/ac6/systemworkbench/plugins/fr.ac6.mcu.externaltools.arm-none.win32_1.13.2.201703061525/tools/compiler/bin/../lib/gcc/arm-none-eabi/5.4.1/armv7e-m/fpu/crtn.o
 *(.fini)
 .fini          0x08005d44        0x4 c:/ac6/systemworkbench/plugins/fr.ac6.mcu.externaltools.arm-none.win32_1.13.2.201703061525/tools/compiler/bin/../lib/gcc/arm-none-eabi/5.4.1/armv7e-m/fpu/crti.o
                0x08005d44                _fini
 .fini          0x08005d48        0x8 c:/ac6/systemworkbench/plugins/fr.ac6.mcu.externaltools.arm-none.win32_1.13.2.201703061525/tools/compiler/bin/../lib/gcc/arm-none-eabi/5.4.1/armv7e-m/fpu/crtn.o
                0x08005d50                . = ALIGN (0x4)
                0x08005d50                _etext = .

.vfp11_veneer   0x08005d50        0x0
 .vfp11_veneer  0x08005d50        0x0 linker stubs

.v4_bx          0x08005d50        0x0
 .v4_bx         0x08005d50        0x0 linker stubs

.iplt           0x08005d50        0x0
 .iplt          0x08005d50        0x0 c:/ac6/systemworkbench/plugins/fr.ac6.mcu.externaltools.arm-none.win32_1.13.2.201703061525/tools/compiler/bin/../lib/gcc/arm-none-eabi/5.4.1/armv7e-m/fpu/crtbegin.o

.rodata         0x08005d50     0x2a34
                0x08005d50                . = ALIGN (0x4)
 *(.rodata)
 .rodata        0x08005d50     0x29d0 Utilities/Common/fonts.o
                0x08005d50                ASCII16x24_Table
                0x08006f20                ASCII12x12_Table
                0x08007820                ASCII8x12_Table
                0x08008120                ASCII8x8_Table
 .rodata        0x08008720       0x21 Utilities/STM32F429I-Discovery/stm32f429i_discovery.o
                0x08008720                GPIO_PIN
                0x08008724                GPIO_CLK
                0x0800872c                BUTTON_PIN
                0x08008730                BUTTON_CLK
                0x08008734                BUTTON_EXTI_LINE
                0x08008738                BUTTON_PORT_SOURCE
                0x0800873c                BUTTON_PIN_SOURCE
                0x08008740                BUTTON_IRQn
 *fill*         0x08008741        0x3 
 .rodata        0x08008744       0x3b src/main.o
 *(.rodata*)
 *fill*         0x0800877f        0x1 
 .rodata._global_impure_ptr
                0x08008780        0x4 c:/ac6/systemworkbench/plugins/fr.ac6.mcu.externaltools.arm-none.win32_1.13.2.201703061525/tools/compiler/bin/../lib/gcc/arm-none-eabi/5.4.1/../../../../arm-none-eabi/lib/armv7e-m/fpu\libc.a(lib_a-impure.o)
                0x08008780                _global_impure_ptr
                0x08008784                . = ALIGN (0x4)

.rel.dyn        0x08008784        0x0
 .rel.iplt      0x08008784        0x0 c:/ac6/systemworkbench/plugins/fr.ac6.mcu.externaltools.arm-none.win32_1.13.2.201703061525/tools/compiler/bin/../lib/gcc/arm-none-eabi/5.4.1/armv7e-m/fpu/crtbegin.o

.ARM.extab
 *(.ARM.extab* .gnu.linkonce.armextab.*)

.ARM            0x08008784        0x0
                0x08008784                __exidx_start = .
 *(.ARM.exidx*)
                0x08008784                __exidx_end = .

.preinit_array  0x08008784        0x0
                0x08008784                PROVIDE (__preinit_array_start, .)
 *(.preinit_array*)
                0x08008784                PROVIDE (__preinit_array_end, .)

.init_array     0x08008784        0x8
                0x08008784                PROVIDE (__init_array_start, .)
 *(SORT(.init_array.*))
 .init_array.00000
                0x08008784        0x4 c:/ac6/systemworkbench/plugins/fr.ac6.mcu.externaltools.arm-none.win32_1.13.2.201703061525/tools/compiler/bin/../lib/gcc/arm-none-eabi/5.4.1/../../../../arm-none-eabi/lib/armv7e-m/fpu\libc.a(lib_a-__call_atexit.o)
 *(.init_array*)
 .init_array    0x08008788        0x4 c:/ac6/systemworkbench/plugins/fr.ac6.mcu.externaltools.arm-none.win32_1.13.2.201703061525/tools/compiler/bin/../lib/gcc/arm-none-eabi/5.4.1/armv7e-m/fpu/crtbegin.o
                0x0800878c                PROVIDE (__init_array_end, .)

.fini_array     0x0800878c        0x4
                0x0800878c                PROVIDE (__fini_array_start, .)
 *(SORT(.fini_array.*))
 *(.fini_array*)
 .fini_array    0x0800878c        0x4 c:/ac6/systemworkbench/plugins/fr.ac6.mcu.externaltools.arm-none.win32_1.13.2.201703061525/tools/compiler/bin/../lib/gcc/arm-none-eabi/5.4.1/armv7e-m/fpu/crtbegin.o
                0x08008790                PROVIDE (__fini_array_end, .)
                0x08008790                _sidata = LOADADDR (.data)

.data           0x20000000      0x4d8 load address 0x08008790
                0x20000000                . = ALIGN (0x4)
                0x20000000                _sdata = .
 *(.data)
 .data          0x20000000       0x10 StdPeriph_Driver/src/stm32f4xx_rcc.o
 .data          0x20000010       0x20 Utilities/Common/fonts.o
                0x20000010                Font16x24
                0x20000018                Font12x12
                0x20000020                Font8x12
                0x20000028                Font8x8
 .data          0x20000030        0xc Utilities/STM32F429I-Discovery/stm32f429i_discovery.o
                0x20000030                GPIO_PORT
                0x20000038                BUTTON_PORT
 .data          0x2000003c        0x4 Utilities/STM32F429I-Discovery/stm32f429i_discovery_ioe.o
                0x2000003c                IOE_TimeOut
 .data          0x20000040        0x8 Utilities/STM32F429I-Discovery/stm32f429i_discovery_lcd.o
 .data          0x20000048       0x50 src/main.o
                0x20000048                CCR1_Val
                0x20000050                Ts
                0x20000058                fg
                0x20000060                RC
                0x20000068                c
                0x20000080                d
 .data          0x20000098       0x14 src/system_stm32f4xx.o
                0x20000098                SystemCoreClock
                0x2000009c                AHBPrescTable
 *(.data*)
 *fill*         0x200000ac        0x4 
 .data.impure_data
                0x200000b0      0x428 c:/ac6/systemworkbench/plugins/fr.ac6.mcu.externaltools.arm-none.win32_1.13.2.201703061525/tools/compiler/bin/../lib/gcc/arm-none-eabi/5.4.1/../../../../arm-none-eabi/lib/armv7e-m/fpu\libc.a(lib_a-impure.o)
                0x200004d8                . = ALIGN (0x4)
                0x200004d8                _edata = .
                0x08008c68                _siccmram = LOADADDR (.ccmram)

.jcr            0x200004d8        0x0 load address 0x08008c68
 .jcr           0x200004d8        0x0 c:/ac6/systemworkbench/plugins/fr.ac6.mcu.externaltools.arm-none.win32_1.13.2.201703061525/tools/compiler/bin/../lib/gcc/arm-none-eabi/5.4.1/armv7e-m/fpu/crtbegin.o

.igot.plt       0x200004d8        0x0 load address 0x08008c68
 .igot.plt      0x200004d8        0x0 c:/ac6/systemworkbench/plugins/fr.ac6.mcu.externaltools.arm-none.win32_1.13.2.201703061525/tools/compiler/bin/../lib/gcc/arm-none-eabi/5.4.1/armv7e-m/fpu/crtbegin.o

.ccmram         0x10000000        0x0 load address 0x08008c68
                0x10000000                . = ALIGN (0x4)
                0x10000000                _sccmram = .
 *(.ccmram)
 *(.ccmram*)
                0x10000000                . = ALIGN (0x4)
                0x10000000                _eccmram = .
                0x10000000                . = ALIGN (0x4)

.bss            0x200004d8     0x20c8
                0x200004d8                _sbss = .
                0x200004d8                __bss_start__ = _sbss
 *(.bss)
 .bss           0x200004d8       0x1c c:/ac6/systemworkbench/plugins/fr.ac6.mcu.externaltools.arm-none.win32_1.13.2.201703061525/tools/compiler/bin/../lib/gcc/arm-none-eabi/5.4.1/armv7e-m/fpu/crtbegin.o
 .bss           0x200004f4        0xc Utilities/STM32F429I-Discovery/stm32f429i_discovery_lcd.o
 .bss           0x20000500       0x1d src/added_func.o
 *fill*         0x2000051d        0x3 
 .bss           0x20000520       0x34 src/main.o
                0x20000522                uhADCxConvertedValue
                0x20000524                uwADCxConvertedVoltage
                0x20000528                ConvertedVoltage
                0x2000052c                measHours
                0x20000530                measMinutes
                0x20000534                measSeconds
                0x20000538                measMiliseconds
                0x2000053c                measMs
                0x20000540                sampleNumber
                0x20000544                arrayX
                0x20000548                arrayY
                0x2000054c                count
 *(.bss*)
 *(COMMON)
 COMMON         0x20000554        0x8 Utilities/STM32F429I-Discovery/stm32f429i_discovery_ioe.o
                0x20000554                TP_State
 *fill*         0x2000055c        0x4 
 COMMON         0x20000560     0x203d src/main.o
                0x20000560                TIM_TimeBaseStructure
                0x20000570                x
                0x20000588                HRV
                0x2000058c                lastSample2
                0x20000590                filterSample
                0x20000594                lastSample
                0x20000598                samplesMin
                0x2000059c                resultHRV
                0x200005a4                lastSampleMs
                0x200005a8                max
                0x200005d0                TIM_OCInitStructure
                0x200005e4                resultHRVShow
                0x200005f0                resultBPMShow
                0x20000600                y
                0x20000618                averPeriod
                0x20000620                BPM
                0x20000628                samples
                0x200015c8                period
                0x200015d8                samplesMax
                0x200015dc                sampleNow
                0x200015e0                sampleMs
                0x200015e4                lastsamples
                0x20002584                resultBPM
                0x2000258c                voltageRange
                0x20002590                received_string
                0x200025a0                . = ALIGN (0x4)
 *fill*         0x2000259d        0x3 
                0x200025a0                _ebss = .
                0x200025a0                __bss_end__ = _ebss

._user_heap_stack
                0x200025a0      0x600
                0x200025a0                . = ALIGN (0x8)
                0x200025a0                PROVIDE (end, .)
                [!provide]                PROVIDE (_end, .)
                0x200027a0                . = (. + _Min_Heap_Size)
 *fill*         0x200025a0      0x200 
                0x20002ba0                . = (. + _Min_Stack_Size)
 *fill*         0x200027a0      0x400 
                0x20002ba0                . = ALIGN (0x8)

/DISCARD/
 libc.a(*)
 libm.a(*)
 libgcc.a(*)

.ARM.attributes
                0x00000000       0x30
 *(.ARM.attributes)
 .ARM.attributes
                0x00000000       0x22 c:/ac6/systemworkbench/plugins/fr.ac6.mcu.externaltools.arm-none.win32_1.13.2.201703061525/tools/compiler/bin/../lib/gcc/arm-none-eabi/5.4.1/armv7e-m/fpu/crti.o
 .ARM.attributes
                0x00000022       0x34 c:/ac6/systemworkbench/plugins/fr.ac6.mcu.externaltools.arm-none.win32_1.13.2.201703061525/tools/compiler/bin/../lib/gcc/arm-none-eabi/5.4.1/armv7e-m/fpu/crtbegin.o
 .ARM.attributes
                0x00000056       0x39 StdPeriph_Driver/src/misc.o
 .ARM.attributes
                0x0000008f       0x39 StdPeriph_Driver/src/stm32f4xx_adc.o
 .ARM.attributes
                0x000000c8       0x39 StdPeriph_Driver/src/stm32f4xx_dma.o
 .ARM.attributes
                0x00000101       0x39 StdPeriph_Driver/src/stm32f4xx_dma2d.o
 .ARM.attributes
                0x0000013a       0x39 StdPeriph_Driver/src/stm32f4xx_fmc.o
 .ARM.attributes
                0x00000173       0x39 StdPeriph_Driver/src/stm32f4xx_gpio.o
 .ARM.attributes
                0x000001ac       0x39 StdPeriph_Driver/src/stm32f4xx_i2c.o
 .ARM.attributes
                0x000001e5       0x39 StdPeriph_Driver/src/stm32f4xx_ltdc.o
 .ARM.attributes
                0x0000021e       0x39 StdPeriph_Driver/src/stm32f4xx_rcc.o
 .ARM.attributes
                0x00000257       0x39 StdPeriph_Driver/src/stm32f4xx_spi.o
 .ARM.attributes
                0x00000290       0x39 StdPeriph_Driver/src/stm32f4xx_tim.o
 .ARM.attributes
                0x000002c9       0x39 StdPeriph_Driver/src/stm32f4xx_usart.o
 .ARM.attributes
                0x00000302       0x39 Utilities/Common/fonts.o
 .ARM.attributes
                0x0000033b       0x39 Utilities/STM32F429I-Discovery/stm32f429i_discovery.o
 .ARM.attributes
                0x00000374       0x39 Utilities/STM32F429I-Discovery/stm32f429i_discovery_ioe.o
 .ARM.attributes
                0x000003ad       0x39 Utilities/STM32F429I-Discovery/stm32f429i_discovery_lcd.o
 .ARM.attributes
                0x000003e6       0x39 Utilities/STM32F429I-Discovery/stm32f429i_discovery_sdram.o
 .ARM.attributes
                0x0000041f       0x39 src/added_func.o
 .ARM.attributes
                0x00000458       0x39 src/config.o
 .ARM.attributes
                0x00000491       0x39 src/main.o
 .ARM.attributes
                0x000004ca       0x39 src/stm32f4xx_it.o
 .ARM.attributes
                0x00000503       0x39 src/system_stm32f4xx.o
 .ARM.attributes
                0x0000053c       0x21 startup/startup_stm32f429_439xx.o
 .ARM.attributes
                0x0000055d       0x22 c:/ac6/systemworkbench/plugins/fr.ac6.mcu.externaltools.arm-none.win32_1.13.2.201703061525/tools/compiler/bin/../lib/gcc/arm-none-eabi/5.4.1/armv7e-m/fpu\libgcc.a(_arm_addsubdf3.o)
 .ARM.attributes
                0x0000057f       0x22 c:/ac6/systemworkbench/plugins/fr.ac6.mcu.externaltools.arm-none.win32_1.13.2.201703061525/tools/compiler/bin/../lib/gcc/arm-none-eabi/5.4.1/armv7e-m/fpu\libgcc.a(_arm_muldivdf3.o)
 .ARM.attributes
                0x000005a1       0x22 c:/ac6/systemworkbench/plugins/fr.ac6.mcu.externaltools.arm-none.win32_1.13.2.201703061525/tools/compiler/bin/../lib/gcc/arm-none-eabi/5.4.1/armv7e-m/fpu\libgcc.a(_arm_fixdfsi.o)
 .ARM.attributes
                0x000005c3       0x34 c:/ac6/systemworkbench/plugins/fr.ac6.mcu.externaltools.arm-none.win32_1.13.2.201703061525/tools/compiler/bin/../lib/gcc/arm-none-eabi/5.4.1/../../../../arm-none-eabi/lib/armv7e-m/fpu\libc.a(lib_a-impure.o)
 .ARM.attributes
                0x000005f7       0x34 c:/ac6/systemworkbench/plugins/fr.ac6.mcu.externaltools.arm-none.win32_1.13.2.201703061525/tools/compiler/bin/../lib/gcc/arm-none-eabi/5.4.1/../../../../arm-none-eabi/lib/armv7e-m/fpu\libc.a(lib_a-init.o)
 .ARM.attributes
                0x0000062b       0x34 c:/ac6/systemworkbench/plugins/fr.ac6.mcu.externaltools.arm-none.win32_1.13.2.201703061525/tools/compiler/bin/../lib/gcc/arm-none-eabi/5.4.1/../../../../arm-none-eabi/lib/armv7e-m/fpu\libc.a(lib_a-__call_atexit.o)
 .ARM.attributes
                0x0000065f       0x34 c:/ac6/systemworkbench/plugins/fr.ac6.mcu.externaltools.arm-none.win32_1.13.2.201703061525/tools/compiler/bin/../lib/gcc/arm-none-eabi/5.4.1/../../../../arm-none-eabi/lib/armv7e-m/fpu\libc.a(lib_a-atexit.o)
 .ARM.attributes
                0x00000693       0x34 c:/ac6/systemworkbench/plugins/fr.ac6.mcu.externaltools.arm-none.win32_1.13.2.201703061525/tools/compiler/bin/../lib/gcc/arm-none-eabi/5.4.1/../../../../arm-none-eabi/lib/armv7e-m/fpu\libc.a(lib_a-fini.o)
 .ARM.attributes
                0x000006c7       0x34 c:/ac6/systemworkbench/plugins/fr.ac6.mcu.externaltools.arm-none.win32_1.13.2.201703061525/tools/compiler/bin/../lib/gcc/arm-none-eabi/5.4.1/../../../../arm-none-eabi/lib/armv7e-m/fpu\libc.a(lib_a-__atexit.o)
 .ARM.attributes
                0x000006fb       0x22 c:/ac6/systemworkbench/plugins/fr.ac6.mcu.externaltools.arm-none.win32_1.13.2.201703061525/tools/compiler/bin/../lib/gcc/arm-none-eabi/5.4.1/armv7e-m/fpu/crtn.o
OUTPUT(TIM_ADC_test.elf elf32-littlearm)

.debug_info     0x00000000     0xe5d4
 .debug_info    0x00000000      0x55e StdPeriph_Driver/src/misc.o
 .debug_info    0x0000055e      0xc48 StdPeriph_Driver/src/stm32f4xx_adc.o
 .debug_info    0x000011a6      0x749 StdPeriph_Driver/src/stm32f4xx_dma.o
 .debug_info    0x000018ef      0x829 StdPeriph_Driver/src/stm32f4xx_dma2d.o
 .debug_info    0x00002118      0xc96 StdPeriph_Driver/src/stm32f4xx_fmc.o
 .debug_info    0x00002dae      0x625 StdPeriph_Driver/src/stm32f4xx_gpio.o
 .debug_info    0x000033d3      0xb9b StdPeriph_Driver/src/stm32f4xx_i2c.o
 .debug_info    0x00003f6e      0xd08 StdPeriph_Driver/src/stm32f4xx_ltdc.o
 .debug_info    0x00004c76      0xe2f StdPeriph_Driver/src/stm32f4xx_rcc.o
 .debug_info    0x00005aa5      0xb31 StdPeriph_Driver/src/stm32f4xx_spi.o
 .debug_info    0x000065d6     0x1c71 StdPeriph_Driver/src/stm32f4xx_tim.o
 .debug_info    0x00008247      0x9d2 StdPeriph_Driver/src/stm32f4xx_usart.o
 .debug_info    0x00008c19      0x1a2 Utilities/Common/fonts.o
 .debug_info    0x00008dbb      0xbc7 Utilities/STM32F429I-Discovery/stm32f429i_discovery.o
 .debug_info    0x00009982      0xbdc Utilities/STM32F429I-Discovery/stm32f429i_discovery_ioe.o
 .debug_info    0x0000a55e     0x1891 Utilities/STM32F429I-Discovery/stm32f429i_discovery_lcd.o
 .debug_info    0x0000bdef      0x595 Utilities/STM32F429I-Discovery/stm32f429i_discovery_sdram.o
 .debug_info    0x0000c384      0x34f src/added_func.o
 .debug_info    0x0000c6d3      0xa51 src/config.o
 .debug_info    0x0000d124      0xa72 src/main.o
 .debug_info    0x0000db96      0x3d9 src/stm32f4xx_it.o
 .debug_info    0x0000df6f      0x5f4 src/system_stm32f4xx.o
 .debug_info    0x0000e563       0x71 startup/startup_stm32f429_439xx.o

.debug_abbrev   0x00000000     0x21b8
 .debug_abbrev  0x00000000      0x14c StdPeriph_Driver/src/misc.o
 .debug_abbrev  0x0000014c      0x19d StdPeriph_Driver/src/stm32f4xx_adc.o
 .debug_abbrev  0x000002e9      0x15c StdPeriph_Driver/src/stm32f4xx_dma.o
 .debug_abbrev  0x00000445      0x1ad StdPeriph_Driver/src/stm32f4xx_dma2d.o
 .debug_abbrev  0x000005f2      0x186 StdPeriph_Driver/src/stm32f4xx_fmc.o
 .debug_abbrev  0x00000778      0x1ac StdPeriph_Driver/src/stm32f4xx_gpio.o
 .debug_abbrev  0x00000924      0x16b StdPeriph_Driver/src/stm32f4xx_i2c.o
 .debug_abbrev  0x00000a8f      0x195 StdPeriph_Driver/src/stm32f4xx_ltdc.o
 .debug_abbrev  0x00000c24      0x1c1 StdPeriph_Driver/src/stm32f4xx_rcc.o
 .debug_abbrev  0x00000de5      0x16e StdPeriph_Driver/src/stm32f4xx_spi.o
 .debug_abbrev  0x00000f53      0x18e StdPeriph_Driver/src/stm32f4xx_tim.o
 .debug_abbrev  0x000010e1      0x15c StdPeriph_Driver/src/stm32f4xx_usart.o
 .debug_abbrev  0x0000123d       0x98 Utilities/Common/fonts.o
 .debug_abbrev  0x000012d5      0x1cf Utilities/STM32F429I-Discovery/stm32f429i_discovery.o
 .debug_abbrev  0x000014a4      0x230 Utilities/STM32F429I-Discovery/stm32f429i_discovery_ioe.o
 .debug_abbrev  0x000016d4      0x23e Utilities/STM32F429I-Discovery/stm32f429i_discovery_lcd.o
 .debug_abbrev  0x00001912      0x16a Utilities/STM32F429I-Discovery/stm32f429i_discovery_sdram.o
 .debug_abbrev  0x00001a7c      0x143 src/added_func.o
 .debug_abbrev  0x00001bbf      0x158 src/config.o
 .debug_abbrev  0x00001d17      0x255 src/main.o
 .debug_abbrev  0x00001f6c       0xfd src/stm32f4xx_it.o
 .debug_abbrev  0x00002069      0x13d src/system_stm32f4xx.o
 .debug_abbrev  0x000021a6       0x12 startup/startup_stm32f429_439xx.o

.debug_aranges  0x00000000     0x1210
 .debug_aranges
                0x00000000       0x40 StdPeriph_Driver/src/misc.o
 .debug_aranges
                0x00000040      0x148 StdPeriph_Driver/src/stm32f4xx_adc.o
 .debug_aranges
                0x00000188       0xb0 StdPeriph_Driver/src/stm32f4xx_dma.o
 .debug_aranges
                0x00000238       0xb0 StdPeriph_Driver/src/stm32f4xx_dma2d.o
 .debug_aranges
                0x000002e8       0xf0 StdPeriph_Driver/src/stm32f4xx_fmc.o
 .debug_aranges
                0x000003d8       0x88 StdPeriph_Driver/src/stm32f4xx_gpio.o
 .debug_aranges
                0x00000460      0x130 StdPeriph_Driver/src/stm32f4xx_i2c.o
 .debug_aranges
                0x00000590      0x108 StdPeriph_Driver/src/stm32f4xx_ltdc.o
 .debug_aranges
                0x00000698      0x1b8 StdPeriph_Driver/src/stm32f4xx_rcc.o
 .debug_aranges
                0x00000850       0xe0 StdPeriph_Driver/src/stm32f4xx_spi.o
 .debug_aranges
                0x00000930      0x2f8 StdPeriph_Driver/src/stm32f4xx_tim.o
 .debug_aranges
                0x00000c28      0x100 StdPeriph_Driver/src/stm32f4xx_usart.o
 .debug_aranges
                0x00000d28       0x18 Utilities/Common/fonts.o
 .debug_aranges
                0x00000d40       0x60 Utilities/STM32F429I-Discovery/stm32f429i_discovery.o
 .debug_aranges
                0x00000da0       0xf0 Utilities/STM32F429I-Discovery/stm32f429i_discovery_ioe.o
 .debug_aranges
                0x00000e90      0x1b0 Utilities/STM32F429I-Discovery/stm32f429i_discovery_lcd.o
 .debug_aranges
                0x00001040       0x48 Utilities/STM32F429I-Discovery/stm32f429i_discovery_sdram.o
 .debug_aranges
                0x00001088       0x48 src/added_func.o
 .debug_aranges
                0x000010d0       0x30 src/config.o
 .debug_aranges
                0x00001100       0x48 src/main.o
 .debug_aranges
                0x00001148       0x70 src/stm32f4xx_it.o
 .debug_aranges
                0x000011b8       0x30 src/system_stm32f4xx.o
 .debug_aranges
                0x000011e8       0x28 startup/startup_stm32f429_439xx.o

.debug_ranges   0x00000000     0x10a0
 .debug_ranges  0x00000000       0x30 StdPeriph_Driver/src/misc.o
 .debug_ranges  0x00000030      0x138 StdPeriph_Driver/src/stm32f4xx_adc.o
 .debug_ranges  0x00000168       0xa0 StdPeriph_Driver/src/stm32f4xx_dma.o
 .debug_ranges  0x00000208       0xa0 StdPeriph_Driver/src/stm32f4xx_dma2d.o
 .debug_ranges  0x000002a8       0xe0 StdPeriph_Driver/src/stm32f4xx_fmc.o
 .debug_ranges  0x00000388       0x78 StdPeriph_Driver/src/stm32f4xx_gpio.o
 .debug_ranges  0x00000400      0x120 StdPeriph_Driver/src/stm32f4xx_i2c.o
 .debug_ranges  0x00000520       0xf8 StdPeriph_Driver/src/stm32f4xx_ltdc.o
 .debug_ranges  0x00000618      0x1a8 StdPeriph_Driver/src/stm32f4xx_rcc.o
 .debug_ranges  0x000007c0       0xd0 StdPeriph_Driver/src/stm32f4xx_spi.o
 .debug_ranges  0x00000890      0x2e8 StdPeriph_Driver/src/stm32f4xx_tim.o
 .debug_ranges  0x00000b78       0xf0 StdPeriph_Driver/src/stm32f4xx_usart.o
 .debug_ranges  0x00000c68       0x50 Utilities/STM32F429I-Discovery/stm32f429i_discovery.o
 .debug_ranges  0x00000cb8       0xe0 Utilities/STM32F429I-Discovery/stm32f429i_discovery_ioe.o
 .debug_ranges  0x00000d98      0x1a0 Utilities/STM32F429I-Discovery/stm32f429i_discovery_lcd.o
 .debug_ranges  0x00000f38       0x38 Utilities/STM32F429I-Discovery/stm32f429i_discovery_sdram.o
 .debug_ranges  0x00000f70       0x38 src/added_func.o
 .debug_ranges  0x00000fa8       0x20 src/config.o
 .debug_ranges  0x00000fc8       0x38 src/main.o
 .debug_ranges  0x00001000       0x60 src/stm32f4xx_it.o
 .debug_ranges  0x00001060       0x20 src/system_stm32f4xx.o
 .debug_ranges  0x00001080       0x20 startup/startup_stm32f429_439xx.o

.debug_macro    0x00000000    0x14dd0
 .debug_macro   0x00000000      0x1d7 StdPeriph_Driver/src/misc.o
 .debug_macro   0x000001d7      0x8aa StdPeriph_Driver/src/misc.o
 .debug_macro   0x00000a81       0x64 StdPeriph_Driver/src/misc.o
 .debug_macro   0x00000ae5       0x3b StdPeriph_Driver/src/misc.o
 .debug_macro   0x00000b20       0x22 StdPeriph_Driver/src/misc.o
 .debug_macro   0x00000b42       0x87 StdPeriph_Driver/src/misc.o
 .debug_macro   0x00000bc9       0x44 StdPeriph_Driver/src/misc.o
 .debug_macro   0x00000c0d       0xfd StdPeriph_Driver/src/misc.o
 .debug_macro   0x00000d0a       0x5e StdPeriph_Driver/src/misc.o
 .debug_macro   0x00000d68      0x1df StdPeriph_Driver/src/misc.o
 .debug_macro   0x00000f47       0x2d StdPeriph_Driver/src/misc.o
 .debug_macro   0x00000f74       0x42 StdPeriph_Driver/src/misc.o
 .debug_macro   0x00000fb6      0xd39 StdPeriph_Driver/src/misc.o
 .debug_macro   0x00001cef     0x901e StdPeriph_Driver/src/misc.o
 .debug_macro   0x0000ad0d       0x16 StdPeriph_Driver/src/misc.o
 .debug_macro   0x0000ad23      0x44f StdPeriph_Driver/src/misc.o
 .debug_macro   0x0000b172      0x3cf StdPeriph_Driver/src/misc.o
 .debug_macro   0x0000b541      0x144 StdPeriph_Driver/src/misc.o
 .debug_macro   0x0000b685      0x188 StdPeriph_Driver/src/misc.o
 .debug_macro   0x0000b80d       0xb2 StdPeriph_Driver/src/misc.o
 .debug_macro   0x0000b8bf      0x149 StdPeriph_Driver/src/misc.o
 .debug_macro   0x0000ba08      0x477 StdPeriph_Driver/src/misc.o
 .debug_macro   0x0000be7f       0xae StdPeriph_Driver/src/misc.o
 .debug_macro   0x0000bf2d      0x41c StdPeriph_Driver/src/misc.o
 .debug_macro   0x0000c349      0x23a StdPeriph_Driver/src/misc.o
 .debug_macro   0x0000c583      0x21e StdPeriph_Driver/src/misc.o
 .debug_macro   0x0000c7a1      0x478 StdPeriph_Driver/src/misc.o
 .debug_macro   0x0000cc19       0xc3 StdPeriph_Driver/src/misc.o
 .debug_macro   0x0000ccdc      0x2bc StdPeriph_Driver/src/misc.o
 .debug_macro   0x0000cf98      0x2bb StdPeriph_Driver/src/misc.o
 .debug_macro   0x0000d253       0x64 StdPeriph_Driver/src/misc.o
 .debug_macro   0x0000d2b7       0xe7 StdPeriph_Driver/src/misc.o
 .debug_macro   0x0000d39e      0x62f StdPeriph_Driver/src/misc.o
 .debug_macro   0x0000d9cd       0x40 StdPeriph_Driver/src/misc.o
 .debug_macro   0x0000da0d      0x57b StdPeriph_Driver/src/misc.o
 .debug_macro   0x0000df88      0x342 StdPeriph_Driver/src/misc.o
 .debug_macro   0x0000e2ca      0x36c StdPeriph_Driver/src/misc.o
 .debug_macro   0x0000e636       0xf7 StdPeriph_Driver/src/misc.o
 .debug_macro   0x0000e72d      0x73b StdPeriph_Driver/src/misc.o
 .debug_macro   0x0000ee68      0x223 StdPeriph_Driver/src/misc.o
 .debug_macro   0x0000f08b       0x34 StdPeriph_Driver/src/misc.o
 .debug_macro   0x0000f0bf       0x35 StdPeriph_Driver/src/misc.o
 .debug_macro   0x0000f0f4       0x7c StdPeriph_Driver/src/misc.o
 .debug_macro   0x0000f170      0x25f StdPeriph_Driver/src/stm32f4xx_adc.o
 .debug_macro   0x0000f3cf      0x3c9 StdPeriph_Driver/src/stm32f4xx_adc.o
 .debug_macro   0x0000f798       0x82 StdPeriph_Driver/src/stm32f4xx_adc.o
 .debug_macro   0x0000f81a      0x229 StdPeriph_Driver/src/stm32f4xx_dma.o
 .debug_macro   0x0000fa43      0x471 StdPeriph_Driver/src/stm32f4xx_dma.o
 .debug_macro   0x0000feb4      0x1e7 StdPeriph_Driver/src/stm32f4xx_dma2d.o
 .debug_macro   0x0001009b      0x218 StdPeriph_Driver/src/stm32f4xx_dma2d.o
 .debug_macro   0x000102b3      0x21d StdPeriph_Driver/src/stm32f4xx_fmc.o
 .debug_macro   0x000104d0      0x472 StdPeriph_Driver/src/stm32f4xx_fmc.o
 .debug_macro   0x00010942      0x1d5 StdPeriph_Driver/src/stm32f4xx_gpio.o
 .debug_macro   0x00010b17      0x2b6 StdPeriph_Driver/src/stm32f4xx_gpio.o
 .debug_macro   0x00010dcd      0x1e7 StdPeriph_Driver/src/stm32f4xx_i2c.o
 .debug_macro   0x00010fb4      0x2b5 StdPeriph_Driver/src/stm32f4xx_i2c.o
 .debug_macro   0x00011269      0x1db StdPeriph_Driver/src/stm32f4xx_ltdc.o
 .debug_macro   0x00011444      0x234 StdPeriph_Driver/src/stm32f4xx_ltdc.o
 .debug_macro   0x00011678      0x29b StdPeriph_Driver/src/stm32f4xx_rcc.o
 .debug_macro   0x00011913      0x629 StdPeriph_Driver/src/stm32f4xx_rcc.o
 .debug_macro   0x00011f3c      0x201 StdPeriph_Driver/src/stm32f4xx_spi.o
 .debug_macro   0x0001213d      0x366 StdPeriph_Driver/src/stm32f4xx_spi.o
 .debug_macro   0x000124a3      0x1ff StdPeriph_Driver/src/stm32f4xx_tim.o
 .debug_macro   0x000126a2      0x735 StdPeriph_Driver/src/stm32f4xx_tim.o
 .debug_macro   0x00012dd7      0x1ed StdPeriph_Driver/src/stm32f4xx_usart.o
 .debug_macro   0x00012fc4      0x21d StdPeriph_Driver/src/stm32f4xx_usart.o
 .debug_macro   0x000131e1       0x73 Utilities/Common/fonts.o
 .debug_macro   0x00013254      0x1d6 Utilities/STM32F429I-Discovery/stm32f429i_discovery.o
 .debug_macro   0x0001342a      0x175 Utilities/STM32F429I-Discovery/stm32f429i_discovery.o
 .debug_macro   0x0001359f      0x1eb Utilities/STM32F429I-Discovery/stm32f429i_discovery_ioe.o
 .debug_macro   0x0001378a      0x376 Utilities/STM32F429I-Discovery/stm32f429i_discovery_ioe.o
 .debug_macro   0x00013b00      0x203 Utilities/STM32F429I-Discovery/stm32f429i_discovery_lcd.o
 .debug_macro   0x00013d03      0x1da Utilities/STM32F429I-Discovery/stm32f429i_discovery_sdram.o
 .debug_macro   0x00013edd       0x6a Utilities/STM32F429I-Discovery/stm32f429i_discovery_sdram.o
 .debug_macro   0x00013f47      0x1db src/added_func.o
 .debug_macro   0x00014122      0x1db src/config.o
 .debug_macro   0x000142fd      0x38f src/main.o
 .debug_macro   0x0001468c      0x37c src/main.o
 .debug_macro   0x00014a08      0x1db src/stm32f4xx_it.o
 .debug_macro   0x00014be3      0x1ed src/system_stm32f4xx.o

.debug_line     0x00000000     0xbe7c
 .debug_line    0x00000000      0x663 StdPeriph_Driver/src/misc.o
 .debug_line    0x00000663      0x979 StdPeriph_Driver/src/stm32f4xx_adc.o
 .debug_line    0x00000fdc      0x846 StdPeriph_Driver/src/stm32f4xx_dma.o
 .debug_line    0x00001822      0x7e7 StdPeriph_Driver/src/stm32f4xx_dma2d.o
 .debug_line    0x00002009      0x9db StdPeriph_Driver/src/stm32f4xx_fmc.o
 .debug_line    0x000029e4      0x78b StdPeriph_Driver/src/stm32f4xx_gpio.o
 .debug_line    0x0000316f      0x91f StdPeriph_Driver/src/stm32f4xx_i2c.o
 .debug_line    0x00003a8e      0x915 StdPeriph_Driver/src/stm32f4xx_ltdc.o
 .debug_line    0x000043a3      0xa68 StdPeriph_Driver/src/stm32f4xx_rcc.o
 .debug_line    0x00004e0b      0x88c StdPeriph_Driver/src/stm32f4xx_spi.o
 .debug_line    0x00005697      0xedd StdPeriph_Driver/src/stm32f4xx_tim.o
 .debug_line    0x00006574      0x8d1 StdPeriph_Driver/src/stm32f4xx_usart.o
 .debug_line    0x00006e45      0x2ca Utilities/Common/fonts.o
 .debug_line    0x0000710f      0x730 Utilities/STM32F429I-Discovery/stm32f429i_discovery.o
 .debug_line    0x0000783f      0xb0b Utilities/STM32F429I-Discovery/stm32f429i_discovery_ioe.o
 .debug_line    0x0000834a      0xeab Utilities/STM32F429I-Discovery/stm32f429i_discovery_lcd.o
 .debug_line    0x000091f5      0x782 Utilities/STM32F429I-Discovery/stm32f429i_discovery_sdram.o
 .debug_line    0x00009977      0x6d6 src/added_func.o
 .debug_line    0x0000a04d      0x678 src/config.o
 .debug_line    0x0000a6c5      0x9d4 src/main.o
 .debug_line    0x0000b099      0x6db src/stm32f4xx_it.o
 .debug_line    0x0000b774      0x687 src/system_stm32f4xx.o
 .debug_line    0x0000bdfb       0x81 startup/startup_stm32f429_439xx.o

.debug_str      0x00000000    0x6eb76
 .debug_str     0x00000000    0x62814 StdPeriph_Driver/src/misc.o
                              0x62a1f (size before relaxing)
 .debug_str     0x00062814      0x918 StdPeriph_Driver/src/stm32f4xx_adc.o
                              0x6310e (size before relaxing)
 .debug_str     0x0006312c      0x685 StdPeriph_Driver/src/stm32f4xx_dma.o
                              0x62e85 (size before relaxing)
 .debug_str     0x000637b1      0x5d3 StdPeriph_Driver/src/stm32f4xx_dma2d.o
                              0x62dbf (size before relaxing)
 .debug_str     0x00063d84      0xa89 StdPeriph_Driver/src/stm32f4xx_fmc.o
                              0x63273 (size before relaxing)
 .debug_str     0x0006480d      0x2b6 StdPeriph_Driver/src/stm32f4xx_gpio.o
                              0x62ac7 (size before relaxing)
 .debug_str     0x00064ac3      0x4e7 StdPeriph_Driver/src/stm32f4xx_i2c.o
                              0x62d3d (size before relaxing)
 .debug_str     0x00064faa      0x810 StdPeriph_Driver/src/stm32f4xx_ltdc.o
                              0x6306f (size before relaxing)
 .debug_str     0x000657ba      0xcbc StdPeriph_Driver/src/stm32f4xx_rcc.o
                              0x6358b (size before relaxing)
 .debug_str     0x00066476      0x3a8 StdPeriph_Driver/src/stm32f4xx_spi.o
                              0x62d9e (size before relaxing)
 .debug_str     0x0006681e      0xbfe StdPeriph_Driver/src/stm32f4xx_tim.o
                              0x634be (size before relaxing)
 .debug_str     0x0006741c      0x533 StdPeriph_Driver/src/stm32f4xx_usart.o
                              0x62dda (size before relaxing)
 .debug_str     0x0006794f       0xc9 Utilities/Common/fonts.o
                               0x34d8 (size before relaxing)
 .debug_str     0x00067a18      0xec6 Utilities/STM32F429I-Discovery/stm32f429i_discovery.o
                              0x63a7e (size before relaxing)
 .debug_str     0x000688de      0xede Utilities/STM32F429I-Discovery/stm32f429i_discovery_ioe.o
                              0x64138 (size before relaxing)
 .debug_str     0x000697bc     0x1329 Utilities/STM32F429I-Discovery/stm32f429i_discovery_lcd.o
                              0x649c5 (size before relaxing)
 .debug_str     0x0006aae5      0x117 Utilities/STM32F429I-Discovery/stm32f429i_discovery_sdram.o
                              0x62f95 (size before relaxing)
 .debug_str     0x0006abfc       0xc8 src/added_func.o
                              0x628ce (size before relaxing)
 .debug_str     0x0006acc4       0x85 src/config.o
                              0x63348 (size before relaxing)
 .debug_str     0x0006ad49     0x3c8e src/main.o
                              0x6888a (size before relaxing)
 .debug_str     0x0006e9d7       0xc9 src/stm32f4xx_it.o
                              0x6299c (size before relaxing)
 .debug_str     0x0006eaa0       0xd6 src/system_stm32f4xx.o
                              0x62a27 (size before relaxing)

.comment        0x00000000       0x6e
 .comment       0x00000000       0x6e StdPeriph_Driver/src/misc.o
                                 0x6f (size before relaxing)
 .comment       0x0000006e       0x6f StdPeriph_Driver/src/stm32f4xx_adc.o
 .comment       0x0000006e       0x6f StdPeriph_Driver/src/stm32f4xx_dma.o
 .comment       0x0000006e       0x6f StdPeriph_Driver/src/stm32f4xx_dma2d.o
 .comment       0x0000006e       0x6f StdPeriph_Driver/src/stm32f4xx_fmc.o
 .comment       0x0000006e       0x6f StdPeriph_Driver/src/stm32f4xx_gpio.o
 .comment       0x0000006e       0x6f StdPeriph_Driver/src/stm32f4xx_i2c.o
 .comment       0x0000006e       0x6f StdPeriph_Driver/src/stm32f4xx_ltdc.o
 .comment       0x0000006e       0x6f StdPeriph_Driver/src/stm32f4xx_rcc.o
 .comment       0x0000006e       0x6f StdPeriph_Driver/src/stm32f4xx_spi.o
 .comment       0x0000006e       0x6f StdPeriph_Driver/src/stm32f4xx_tim.o
 .comment       0x0000006e       0x6f StdPeriph_Driver/src/stm32f4xx_usart.o
 .comment       0x0000006e       0x6f Utilities/Common/fonts.o
 .comment       0x0000006e       0x6f Utilities/STM32F429I-Discovery/stm32f429i_discovery.o
 .comment       0x0000006e       0x6f Utilities/STM32F429I-Discovery/stm32f429i_discovery_ioe.o
 .comment       0x0000006e       0x6f Utilities/STM32F429I-Discovery/stm32f429i_discovery_lcd.o
 .comment       0x0000006e       0x6f Utilities/STM32F429I-Discovery/stm32f429i_discovery_sdram.o
 .comment       0x0000006e       0x6f src/added_func.o
 .comment       0x0000006e       0x6f src/config.o
 .comment       0x0000006e       0x6f src/main.o
 .comment       0x0000006e       0x6f src/stm32f4xx_it.o
 .comment       0x0000006e       0x6f src/system_stm32f4xx.o

.debug_frame    0x00000000     0x4ee0
 .debug_frame   0x00000000       0xd8 StdPeriph_Driver/src/misc.o
 .debug_frame   0x000000d8      0x5ec StdPeriph_Driver/src/stm32f4xx_adc.o
 .debug_frame   0x000006c4      0x308 StdPeriph_Driver/src/stm32f4xx_dma.o
 .debug_frame   0x000009cc      0x2ec StdPeriph_Driver/src/stm32f4xx_dma2d.o
 .debug_frame   0x00000cb8      0x440 StdPeriph_Driver/src/stm32f4xx_fmc.o
 .debug_frame   0x000010f8      0x23c StdPeriph_Driver/src/stm32f4xx_gpio.o
 .debug_frame   0x00001334      0x580 StdPeriph_Driver/src/stm32f4xx_i2c.o
 .debug_frame   0x000018b4      0x4b4 StdPeriph_Driver/src/stm32f4xx_ltdc.o
 .debug_frame   0x00001d68      0x814 StdPeriph_Driver/src/stm32f4xx_rcc.o
 .debug_frame   0x0000257c      0x3f4 StdPeriph_Driver/src/stm32f4xx_spi.o
 .debug_frame   0x00002970      0xe54 StdPeriph_Driver/src/stm32f4xx_tim.o
 .debug_frame   0x000037c4      0x490 StdPeriph_Driver/src/stm32f4xx_usart.o
 .debug_frame   0x00003c54      0x160 Utilities/STM32F429I-Discovery/stm32f429i_discovery.o
 .debug_frame   0x00003db4      0x3b8 Utilities/STM32F429I-Discovery/stm32f429i_discovery_ioe.o
 .debug_frame   0x0000416c      0x778 Utilities/STM32F429I-Discovery/stm32f429i_discovery_lcd.o
 .debug_frame   0x000048e4       0xec Utilities/STM32F429I-Discovery/stm32f429i_discovery_sdram.o
 .debug_frame   0x000049d0       0xe8 src/added_func.o
 .debug_frame   0x00004ab8       0x7c src/config.o
 .debug_frame   0x00004b34       0xe0 src/main.o
 .debug_frame   0x00004c14      0x14c src/stm32f4xx_it.o
 .debug_frame   0x00004d60       0x7c src/system_stm32f4xx.o
 .debug_frame   0x00004ddc       0x2c c:/ac6/systemworkbench/plugins/fr.ac6.mcu.externaltools.arm-none.win32_1.13.2.201703061525/tools/compiler/bin/../lib/gcc/arm-none-eabi/5.4.1/../../../../arm-none-eabi/lib/armv7e-m/fpu\libc.a(lib_a-init.o)
 .debug_frame   0x00004e08       0x50 c:/ac6/systemworkbench/plugins/fr.ac6.mcu.externaltools.arm-none.win32_1.13.2.201703061525/tools/compiler/bin/../lib/gcc/arm-none-eabi/5.4.1/../../../../arm-none-eabi/lib/armv7e-m/fpu\libc.a(lib_a-__call_atexit.o)
 .debug_frame   0x00004e58       0x20 c:/ac6/systemworkbench/plugins/fr.ac6.mcu.externaltools.arm-none.win32_1.13.2.201703061525/tools/compiler/bin/../lib/gcc/arm-none-eabi/5.4.1/../../../../arm-none-eabi/lib/armv7e-m/fpu\libc.a(lib_a-atexit.o)
 .debug_frame   0x00004e78       0x34 c:/ac6/systemworkbench/plugins/fr.ac6.mcu.externaltools.arm-none.win32_1.13.2.201703061525/tools/compiler/bin/../lib/gcc/arm-none-eabi/5.4.1/../../../../arm-none-eabi/lib/armv7e-m/fpu\libc.a(lib_a-fini.o)
 .debug_frame   0x00004eac       0x34 c:/ac6/systemworkbench/plugins/fr.ac6.mcu.externaltools.arm-none.win32_1.13.2.201703061525/tools/compiler/bin/../lib/gcc/arm-none-eabi/5.4.1/../../../../arm-none-eabi/lib/armv7e-m/fpu\libc.a(lib_a-__atexit.o)
